// Jest Snapshot v1, https://goo.gl/fbAQLP

exports[`Testing Checkbox Styles Content should render correctly with position=bottom, size=100 and fitScreen=false 1`] = `
<StyledComponent
  fitScreen={false}
  forwardedComponent={
    Object {
      "$$typeof": Symbol(react.forward_ref),
      "attrs": Array [],
      "componentStyle": ComponentStyle {
        "componentId": "styles__Content-sc-54hecm-0",
        "isStatic": false,
        "rules": Array [
          "position:fixed;height:100vh;background-color:",
          [Function],
          ";",
          [Function],
          " pointer-events:all;box-shadow:0px 8px 10px -5px rgba(0,0,0,0.2),0px 16px 24px 2px rgba(0,0,0,0.14),0px 6px 30px 5px rgba(0,0,0,0.12);",
        ],
      },
      "displayName": "styles__Content",
      "foldedComponentIds": Array [],
      "render": [Function],
      "styledComponentId": "styles__Content-sc-54hecm-0",
      "target": "div",
      "toString": [Function],
      "warnTooManyClasses": [Function],
      "withComponent": [Function],
    }
  }
  forwardedRef={null}
  position="bottom"
  size={100}
/>
`;

exports[`Testing Checkbox Styles Content should render correctly with position=bottom, size=100 and fitScreen=true 1`] = `
<StyledComponent
  fitScreen={true}
  forwardedComponent={
    Object {
      "$$typeof": Symbol(react.forward_ref),
      "attrs": Array [],
      "componentStyle": ComponentStyle {
        "componentId": "styles__Content-sc-54hecm-0",
        "isStatic": false,
        "rules": Array [
          "position:fixed;height:100vh;background-color:",
          [Function],
          ";",
          [Function],
          " pointer-events:all;box-shadow:0px 8px 10px -5px rgba(0,0,0,0.2),0px 16px 24px 2px rgba(0,0,0,0.14),0px 6px 30px 5px rgba(0,0,0,0.12);",
        ],
      },
      "displayName": "styles__Content",
      "foldedComponentIds": Array [],
      "render": [Function],
      "styledComponentId": "styles__Content-sc-54hecm-0",
      "target": "div",
      "toString": [Function],
      "warnTooManyClasses": [Function],
      "withComponent": [Function],
    }
  }
  forwardedRef={null}
  position="bottom"
  size={100}
/>
`;

exports[`Testing Checkbox Styles Content should render correctly with position=left, size=100 and fitScreen=false 1`] = `
<StyledComponent
  fitScreen={false}
  forwardedComponent={
    Object {
      "$$typeof": Symbol(react.forward_ref),
      "attrs": Array [],
      "componentStyle": ComponentStyle {
        "componentId": "styles__Content-sc-54hecm-0",
        "isStatic": false,
        "rules": Array [
          "position:fixed;height:100vh;background-color:",
          [Function],
          ";",
          [Function],
          " pointer-events:all;box-shadow:0px 8px 10px -5px rgba(0,0,0,0.2),0px 16px 24px 2px rgba(0,0,0,0.14),0px 6px 30px 5px rgba(0,0,0,0.12);",
        ],
      },
      "displayName": "styles__Content",
      "foldedComponentIds": Array [],
      "render": [Function],
      "styledComponentId": "styles__Content-sc-54hecm-0",
      "target": "div",
      "toString": [Function],
      "warnTooManyClasses": [Function],
      "withComponent": [Function],
    }
  }
  forwardedRef={null}
  position="left"
  size={100}
/>
`;

exports[`Testing Checkbox Styles Content should render correctly with position=left, size=100 and fitScreen=true 1`] = `
<StyledComponent
  fitScreen={true}
  forwardedComponent={
    Object {
      "$$typeof": Symbol(react.forward_ref),
      "attrs": Array [],
      "componentStyle": ComponentStyle {
        "componentId": "styles__Content-sc-54hecm-0",
        "isStatic": false,
        "rules": Array [
          "position:fixed;height:100vh;background-color:",
          [Function],
          ";",
          [Function],
          " pointer-events:all;box-shadow:0px 8px 10px -5px rgba(0,0,0,0.2),0px 16px 24px 2px rgba(0,0,0,0.14),0px 6px 30px 5px rgba(0,0,0,0.12);",
        ],
      },
      "displayName": "styles__Content",
      "foldedComponentIds": Array [],
      "render": [Function],
      "styledComponentId": "styles__Content-sc-54hecm-0",
      "target": "div",
      "toString": [Function],
      "warnTooManyClasses": [Function],
      "withComponent": [Function],
    }
  }
  forwardedRef={null}
  position="left"
  size={100}
/>
`;

exports[`Testing Checkbox Styles Content should render correctly with position=right, size=100 and fitScreen=false 1`] = `
<StyledComponent
  fitScreen={false}
  forwardedComponent={
    Object {
      "$$typeof": Symbol(react.forward_ref),
      "attrs": Array [],
      "componentStyle": ComponentStyle {
        "componentId": "styles__Content-sc-54hecm-0",
        "isStatic": false,
        "rules": Array [
          "position:fixed;height:100vh;background-color:",
          [Function],
          ";",
          [Function],
          " pointer-events:all;box-shadow:0px 8px 10px -5px rgba(0,0,0,0.2),0px 16px 24px 2px rgba(0,0,0,0.14),0px 6px 30px 5px rgba(0,0,0,0.12);",
        ],
      },
      "displayName": "styles__Content",
      "foldedComponentIds": Array [],
      "render": [Function],
      "styledComponentId": "styles__Content-sc-54hecm-0",
      "target": "div",
      "toString": [Function],
      "warnTooManyClasses": [Function],
      "withComponent": [Function],
    }
  }
  forwardedRef={null}
  position="right"
  size={100}
/>
`;

exports[`Testing Checkbox Styles Content should render correctly with position=right, size=100 and fitScreen=true 1`] = `
<StyledComponent
  fitScreen={true}
  forwardedComponent={
    Object {
      "$$typeof": Symbol(react.forward_ref),
      "attrs": Array [],
      "componentStyle": ComponentStyle {
        "componentId": "styles__Content-sc-54hecm-0",
        "isStatic": false,
        "rules": Array [
          "position:fixed;height:100vh;background-color:",
          [Function],
          ";",
          [Function],
          " pointer-events:all;box-shadow:0px 8px 10px -5px rgba(0,0,0,0.2),0px 16px 24px 2px rgba(0,0,0,0.14),0px 6px 30px 5px rgba(0,0,0,0.12);",
        ],
      },
      "displayName": "styles__Content",
      "foldedComponentIds": Array [],
      "render": [Function],
      "styledComponentId": "styles__Content-sc-54hecm-0",
      "target": "div",
      "toString": [Function],
      "warnTooManyClasses": [Function],
      "withComponent": [Function],
    }
  }
  forwardedRef={null}
  position="right"
  size={100}
/>
`;

exports[`Testing Checkbox Styles Content should render correctly with position=top, size=100 and fitScreen=false 1`] = `
<StyledComponent
  fitScreen={false}
  forwardedComponent={
    Object {
      "$$typeof": Symbol(react.forward_ref),
      "attrs": Array [],
      "componentStyle": ComponentStyle {
        "componentId": "styles__Content-sc-54hecm-0",
        "isStatic": false,
        "rules": Array [
          "position:fixed;height:100vh;background-color:",
          [Function],
          ";",
          [Function],
          " pointer-events:all;box-shadow:0px 8px 10px -5px rgba(0,0,0,0.2),0px 16px 24px 2px rgba(0,0,0,0.14),0px 6px 30px 5px rgba(0,0,0,0.12);",
        ],
      },
      "displayName": "styles__Content",
      "foldedComponentIds": Array [],
      "render": [Function],
      "styledComponentId": "styles__Content-sc-54hecm-0",
      "target": "div",
      "toString": [Function],
      "warnTooManyClasses": [Function],
      "withComponent": [Function],
    }
  }
  forwardedRef={null}
  position="top"
  size={100}
/>
`;

exports[`Testing Checkbox Styles Content should render correctly with position=top, size=100 and fitScreen=true 1`] = `
<StyledComponent
  fitScreen={true}
  forwardedComponent={
    Object {
      "$$typeof": Symbol(react.forward_ref),
      "attrs": Array [],
      "componentStyle": ComponentStyle {
        "componentId": "styles__Content-sc-54hecm-0",
        "isStatic": false,
        "rules": Array [
          "position:fixed;height:100vh;background-color:",
          [Function],
          ";",
          [Function],
          " pointer-events:all;box-shadow:0px 8px 10px -5px rgba(0,0,0,0.2),0px 16px 24px 2px rgba(0,0,0,0.14),0px 6px 30px 5px rgba(0,0,0,0.12);",
        ],
      },
      "displayName": "styles__Content",
      "foldedComponentIds": Array [],
      "render": [Function],
      "styledComponentId": "styles__Content-sc-54hecm-0",
      "target": "div",
      "toString": [Function],
      "warnTooManyClasses": [Function],
      "withComponent": [Function],
    }
  }
  forwardedRef={null}
  position="top"
  size={100}
/>
`;

exports[`Testing Checkbox Styles Content should render correctly with theme 1`] = `
<StyledComponent
  forwardedComponent={
    Object {
      "$$typeof": Symbol(react.forward_ref),
      "attrs": Array [],
      "componentStyle": ComponentStyle {
        "componentId": "styles__Content-sc-54hecm-0",
        "isStatic": false,
        "rules": Array [
          "position:fixed;height:100vh;background-color:",
          [Function],
          ";",
          [Function],
          " pointer-events:all;box-shadow:0px 8px 10px -5px rgba(0,0,0,0.2),0px 16px 24px 2px rgba(0,0,0,0.14),0px 6px 30px 5px rgba(0,0,0,0.12);",
        ],
      },
      "displayName": "styles__Content",
      "foldedComponentIds": Array [],
      "render": [Function],
      "styledComponentId": "styles__Content-sc-54hecm-0",
      "target": "div",
      "toString": [Function],
      "warnTooManyClasses": [Function],
      "withComponent": [Function],
    }
  }
  forwardedRef={null}
  theme={
    Object {
      "dialog": Object {
        "background": "#aaa",
      },
    }
  }
/>
`;

exports[`Testing Checkbox Styles Content should render correctly without props 1`] = `
<StyledComponent
  forwardedComponent={
    Object {
      "$$typeof": Symbol(react.forward_ref),
      "attrs": Array [],
      "componentStyle": ComponentStyle {
        "componentId": "styles__Content-sc-54hecm-0",
        "isStatic": false,
        "rules": Array [
          "position:fixed;height:100vh;background-color:",
          [Function],
          ";",
          [Function],
          " pointer-events:all;box-shadow:0px 8px 10px -5px rgba(0,0,0,0.2),0px 16px 24px 2px rgba(0,0,0,0.14),0px 6px 30px 5px rgba(0,0,0,0.12);",
        ],
      },
      "displayName": "styles__Content",
      "foldedComponentIds": Array [],
      "render": [Function],
      "styledComponentId": "styles__Content-sc-54hecm-0",
      "target": "div",
      "toString": [Function],
      "warnTooManyClasses": [Function],
      "withComponent": [Function],
    }
  }
  forwardedRef={null}
/>
`;
