// Jest Snapshot v1, https://goo.gl/fbAQLP

exports[`Testing List Styles renders CheckboxList correctly with children 1`] = `
<StyledComponent
  forwardedComponent={
    Object {
      "$$typeof": Symbol(react.forward_ref),
      "attrs": Array [],
      "componentStyle": ComponentStyle {
        "componentId": "List__CheckboxList-ns6omh-7",
        "isStatic": false,
        "rules": Array [
          "input[type='checkbox']:checked + span:before{border-color:var(--checkbox-color,",
          [Function],
          ");background-color:var(--checkbox-color,",
          [Function],
          ");}& span:before{left:0;top:0;width:15px;height:15px;border-radius:0px;border:",
          [Function],
          "px solid var(--checkbox-color,",
          [Function],
          ");background-color:",
          [Function],
          ";}& span:after{top:0px;left:5px;width:5px;height:12px;}",
          "margin-top:0px;span{padding:0px;padding-right:39px;}",
        ],
      },
      "displayName": "List__CheckboxList",
      "foldedComponentIds": Array [
        "SelectionTable__CheckboxTable-x9uakv-7",
      ],
      "propTypes": Object {
        "checked": [Function],
        "children": [Function],
        "className": [Function],
        "color": [Function],
        "id": [Function],
        "labelColor": [Function],
        "name": [Function],
        "onChange": [Function],
        "value": [Function],
      },
      "render": [Function],
      "styledComponentId": "List__CheckboxList-ns6omh-7",
      "target": Object {
        "$$typeof": Symbol(react.forward_ref),
        "defaultProps": Object {
          "checked": null,
          "children": "",
          "className": "",
          "color": "",
          "labelColor": "",
          "name": "checkboxes",
          "onChange": [Function],
          "value": "",
        },
        "propTypes": Object {
          "checked": [Function],
          "children": [Function],
          "className": [Function],
          "color": [Function],
          "id": [Function],
          "labelColor": [Function],
          "name": [Function],
          "onChange": [Function],
          "value": [Function],
        },
        "render": [Function],
      },
      "toString": [Function],
      "warnTooManyClasses": [Function],
      "withComponent": [Function],
    }
  }
  forwardedRef={null}
>
  item
</StyledComponent>
`;

exports[`Testing List Styles renders CheckboxList correctly without props 1`] = `
<StyledComponent
  forwardedComponent={
    Object {
      "$$typeof": Symbol(react.forward_ref),
      "attrs": Array [],
      "componentStyle": ComponentStyle {
        "componentId": "List__CheckboxList-ns6omh-7",
        "isStatic": false,
        "rules": Array [
          "input[type='checkbox']:checked + span:before{border-color:var(--checkbox-color,",
          [Function],
          ");background-color:var(--checkbox-color,",
          [Function],
          ");}& span:before{left:0;top:0;width:15px;height:15px;border-radius:0px;border:",
          [Function],
          "px solid var(--checkbox-color,",
          [Function],
          ");background-color:",
          [Function],
          ";}& span:after{top:0px;left:5px;width:5px;height:12px;}",
          "margin-top:0px;span{padding:0px;padding-right:39px;}",
        ],
      },
      "displayName": "List__CheckboxList",
      "foldedComponentIds": Array [
        "SelectionTable__CheckboxTable-x9uakv-7",
      ],
      "propTypes": Object {
        "checked": [Function],
        "children": [Function],
        "className": [Function],
        "color": [Function],
        "id": [Function],
        "labelColor": [Function],
        "name": [Function],
        "onChange": [Function],
        "value": [Function],
      },
      "render": [Function],
      "styledComponentId": "List__CheckboxList-ns6omh-7",
      "target": Object {
        "$$typeof": Symbol(react.forward_ref),
        "defaultProps": Object {
          "checked": null,
          "children": "",
          "className": "",
          "color": "",
          "labelColor": "",
          "name": "checkboxes",
          "onChange": [Function],
          "value": "",
        },
        "propTypes": Object {
          "checked": [Function],
          "children": [Function],
          "className": [Function],
          "color": [Function],
          "id": [Function],
          "labelColor": [Function],
          "name": [Function],
          "onChange": [Function],
          "value": [Function],
        },
        "render": [Function],
      },
      "toString": [Function],
      "warnTooManyClasses": [Function],
      "withComponent": [Function],
    }
  }
  forwardedRef={null}
/>
`;

exports[`Testing List Styles renders List correctly with children 1`] = `
<StyledComponent
  forwardedComponent={
    Object {
      "$$typeof": Symbol(react.forward_ref),
      "attrs": Array [],
      "componentStyle": ComponentStyle {
        "componentId": "List-ns6omh-0",
        "isStatic": false,
        "rules": Array [
          "width:",
          [Function],
          ";display:inline-block;background-color:",
          [Function],
          ";",
        ],
      },
      "displayName": "List",
      "foldedComponentIds": Array [],
      "render": [Function],
      "styledComponentId": "List-ns6omh-0",
      "target": "div",
      "toString": [Function],
      "warnTooManyClasses": [Function],
      "withComponent": [Function],
    }
  }
  forwardedRef={null}
>
  item
</StyledComponent>
`;

exports[`Testing List Styles renders List correctly without props 1`] = `
<StyledComponent
  forwardedComponent={
    Object {
      "$$typeof": Symbol(react.forward_ref),
      "attrs": Array [],
      "componentStyle": ComponentStyle {
        "componentId": "List-ns6omh-0",
        "isStatic": false,
        "rules": Array [
          "width:",
          [Function],
          ";display:inline-block;background-color:",
          [Function],
          ";",
        ],
      },
      "displayName": "List",
      "foldedComponentIds": Array [],
      "render": [Function],
      "styledComponentId": "List-ns6omh-0",
      "target": "div",
      "toString": [Function],
      "warnTooManyClasses": [Function],
      "withComponent": [Function],
    }
  }
  forwardedRef={null}
/>
`;

exports[`Testing List Styles renders ListFooter correctly with children 1`] = `
<StyledComponent
  forwardedComponent={
    Object {
      "$$typeof": Symbol(react.forward_ref),
      "attrs": Array [],
      "componentStyle": ComponentStyle {
        "componentId": "List__ListFooter-ns6omh-6",
        "isStatic": false,
        "rules": Array [
          [Function],
          ";font-family:",
          [Function],
          ";color:",
          [Function],
          ";padding:15px 24px;border-top:1px solid ",
          [Function],
          ";",
        ],
      },
      "displayName": "List__ListFooter",
      "foldedComponentIds": Array [],
      "render": [Function],
      "styledComponentId": "List__ListFooter-ns6omh-6",
      "target": "div",
      "toString": [Function],
      "warnTooManyClasses": [Function],
      "withComponent": [Function],
    }
  }
  forwardedRef={null}
>
  item
</StyledComponent>
`;

exports[`Testing List Styles renders ListFooter correctly without props 1`] = `
<StyledComponent
  forwardedComponent={
    Object {
      "$$typeof": Symbol(react.forward_ref),
      "attrs": Array [],
      "componentStyle": ComponentStyle {
        "componentId": "List__ListFooter-ns6omh-6",
        "isStatic": false,
        "rules": Array [
          [Function],
          ";font-family:",
          [Function],
          ";color:",
          [Function],
          ";padding:15px 24px;border-top:1px solid ",
          [Function],
          ";",
        ],
      },
      "displayName": "List__ListFooter",
      "foldedComponentIds": Array [],
      "render": [Function],
      "styledComponentId": "List__ListFooter-ns6omh-6",
      "target": "div",
      "toString": [Function],
      "warnTooManyClasses": [Function],
      "withComponent": [Function],
    }
  }
  forwardedRef={null}
/>
`;

exports[`Testing List Styles renders ListHeader correctly with children 1`] = `
<StyledComponent
  forwardedComponent={
    Object {
      "$$typeof": Symbol(react.forward_ref),
      "attrs": Array [],
      "componentStyle": ComponentStyle {
        "componentId": "List__ListHeader-ns6omh-1",
        "isStatic": false,
        "rules": Array [
          [Function],
          ";font-family:",
          [Function],
          ";color:",
          [Function],
          ";padding:15px 24px;",
        ],
      },
      "displayName": "List__ListHeader",
      "foldedComponentIds": Array [],
      "render": [Function],
      "styledComponentId": "List__ListHeader-ns6omh-1",
      "target": "div",
      "toString": [Function],
      "warnTooManyClasses": [Function],
      "withComponent": [Function],
    }
  }
  forwardedRef={null}
>
  item
</StyledComponent>
`;

exports[`Testing List Styles renders ListHeader correctly without props 1`] = `
<StyledComponent
  forwardedComponent={
    Object {
      "$$typeof": Symbol(react.forward_ref),
      "attrs": Array [],
      "componentStyle": ComponentStyle {
        "componentId": "List__ListHeader-ns6omh-1",
        "isStatic": false,
        "rules": Array [
          [Function],
          ";font-family:",
          [Function],
          ";color:",
          [Function],
          ";padding:15px 24px;",
        ],
      },
      "displayName": "List__ListHeader",
      "foldedComponentIds": Array [],
      "render": [Function],
      "styledComponentId": "List__ListHeader-ns6omh-1",
      "target": "div",
      "toString": [Function],
      "warnTooManyClasses": [Function],
      "withComponent": [Function],
    }
  }
  forwardedRef={null}
/>
`;

exports[`Testing List Styles renders ListItem correctly with children 1`] = `
<StyledComponent
  forwardedComponent={
    Object {
      "$$typeof": Symbol(react.forward_ref),
      "attrs": Array [],
      "componentStyle": ComponentStyle {
        "componentId": "List__ListItem-ns6omh-3",
        "isStatic": false,
        "rules": Array [
          [Function],
          ";font-family:",
          [Function],
          ";color:",
          [Function],
          ";",
        ],
      },
      "displayName": "List__ListItem",
      "foldedComponentIds": Array [],
      "render": [Function],
      "styledComponentId": "List__ListItem-ns6omh-3",
      "target": "div",
      "toString": [Function],
      "warnTooManyClasses": [Function],
      "withComponent": [Function],
    }
  }
  forwardedRef={null}
>
  item
</StyledComponent>
`;

exports[`Testing List Styles renders ListItem correctly without props 1`] = `
<StyledComponent
  forwardedComponent={
    Object {
      "$$typeof": Symbol(react.forward_ref),
      "attrs": Array [],
      "componentStyle": ComponentStyle {
        "componentId": "List__ListItem-ns6omh-3",
        "isStatic": false,
        "rules": Array [
          [Function],
          ";font-family:",
          [Function],
          ";color:",
          [Function],
          ";",
        ],
      },
      "displayName": "List__ListItem",
      "foldedComponentIds": Array [],
      "render": [Function],
      "styledComponentId": "List__ListItem-ns6omh-3",
      "target": "div",
      "toString": [Function],
      "warnTooManyClasses": [Function],
      "withComponent": [Function],
    }
  }
  forwardedRef={null}
/>
`;

exports[`Testing List Styles renders ListRow correctly with children 1`] = `
<StyledComponent
  forwardedComponent={
    Object {
      "$$typeof": Symbol(react.forward_ref),
      "attrs": Array [],
      "componentStyle": ComponentStyle {
        "componentId": "List__ListRow-ns6omh-2",
        "isStatic": false,
        "rules": Array [
          "border-top:1px solid ",
          [Function],
          ";padding:15px 24px;margin:0px;",
        ],
      },
      "displayName": "List__ListRow",
      "foldedComponentIds": Array [],
      "render": [Function],
      "styledComponentId": "List__ListRow-ns6omh-2",
      "target": "div",
      "toString": [Function],
      "warnTooManyClasses": [Function],
      "withComponent": [Function],
    }
  }
  forwardedRef={null}
>
  item
</StyledComponent>
`;

exports[`Testing List Styles renders ListRow correctly without props 1`] = `
<StyledComponent
  forwardedComponent={
    Object {
      "$$typeof": Symbol(react.forward_ref),
      "attrs": Array [],
      "componentStyle": ComponentStyle {
        "componentId": "List__ListRow-ns6omh-2",
        "isStatic": false,
        "rules": Array [
          "border-top:1px solid ",
          [Function],
          ";padding:15px 24px;margin:0px;",
        ],
      },
      "displayName": "List__ListRow",
      "foldedComponentIds": Array [],
      "render": [Function],
      "styledComponentId": "List__ListRow-ns6omh-2",
      "target": "div",
      "toString": [Function],
      "warnTooManyClasses": [Function],
      "withComponent": [Function],
    }
  }
  forwardedRef={null}
/>
`;

exports[`Testing List Styles renders ListSubItem correctly with children 1`] = `
<StyledComponent
  forwardedComponent={
    Object {
      "$$typeof": Symbol(react.forward_ref),
      "attrs": Array [],
      "componentStyle": ComponentStyle {
        "componentId": "List__ListSubItem-ns6omh-4",
        "isStatic": false,
        "rules": Array [
          "padding-top:4px;font-family:",
          [Function],
          ";font-size:",
          [Function],
          ";color:",
          [Function],
          ";",
        ],
      },
      "displayName": "List__ListSubItem",
      "foldedComponentIds": Array [],
      "render": [Function],
      "styledComponentId": "List__ListSubItem-ns6omh-4",
      "target": "div",
      "toString": [Function],
      "warnTooManyClasses": [Function],
      "withComponent": [Function],
    }
  }
  forwardedRef={null}
>
  item
</StyledComponent>
`;

exports[`Testing List Styles renders ListSubItem correctly without props 1`] = `
<StyledComponent
  forwardedComponent={
    Object {
      "$$typeof": Symbol(react.forward_ref),
      "attrs": Array [],
      "componentStyle": ComponentStyle {
        "componentId": "List__ListSubItem-ns6omh-4",
        "isStatic": false,
        "rules": Array [
          "padding-top:4px;font-family:",
          [Function],
          ";font-size:",
          [Function],
          ";color:",
          [Function],
          ";",
        ],
      },
      "displayName": "List__ListSubItem",
      "foldedComponentIds": Array [],
      "render": [Function],
      "styledComponentId": "List__ListSubItem-ns6omh-4",
      "target": "div",
      "toString": [Function],
      "warnTooManyClasses": [Function],
      "withComponent": [Function],
    }
  }
  forwardedRef={null}
/>
`;

exports[`Testing List Styles renders ListSubItemSelection correctly with children 1`] = `
<StyledComponent
  forwardedComponent={
    Object {
      "$$typeof": Symbol(react.forward_ref),
      "attrs": Array [],
      "componentStyle": ComponentStyle {
        "componentId": "List__ListSubItemSelection-ns6omh-5",
        "isStatic": false,
        "rules": Array [
          "padding-top:4px;font-family:",
          [Function],
          ";font-size:",
          [Function],
          ";color:",
          [Function],
          ";",
          "padding-left:39px;",
        ],
      },
      "displayName": "List__ListSubItemSelection",
      "foldedComponentIds": Array [
        "List__ListSubItem-ns6omh-4",
      ],
      "render": [Function],
      "styledComponentId": "List__ListSubItemSelection-ns6omh-5",
      "target": "div",
      "toString": [Function],
      "warnTooManyClasses": [Function],
      "withComponent": [Function],
    }
  }
  forwardedRef={null}
>
  item
</StyledComponent>
`;

exports[`Testing List Styles renders ListSubItemSelection correctly without props 1`] = `
<StyledComponent
  forwardedComponent={
    Object {
      "$$typeof": Symbol(react.forward_ref),
      "attrs": Array [],
      "componentStyle": ComponentStyle {
        "componentId": "List__ListSubItemSelection-ns6omh-5",
        "isStatic": false,
        "rules": Array [
          "padding-top:4px;font-family:",
          [Function],
          ";font-size:",
          [Function],
          ";color:",
          [Function],
          ";",
          "padding-left:39px;",
        ],
      },
      "displayName": "List__ListSubItemSelection",
      "foldedComponentIds": Array [
        "List__ListSubItem-ns6omh-4",
      ],
      "render": [Function],
      "styledComponentId": "List__ListSubItemSelection-ns6omh-5",
      "target": "div",
      "toString": [Function],
      "warnTooManyClasses": [Function],
      "withComponent": [Function],
    }
  }
  forwardedRef={null}
/>
`;
