// Jest Snapshot v1, https://goo.gl/fbAQLP

exports[`Testing DesktopIllustration should render correctly 1`] = `
<svg
  className=""
  viewBox="0 0 772.51 561.99"
  xmlns="http://www.w3.org/2000/svg"
>
  <defs>
    <radialGradient
      cx="386.26"
      cy="281"
      gradientTransform="translate(0 78.68) scale(1 0.72)"
      gradientUnits="userSpaceOnUse"
      id="Gradiente_sem_nome_4"
      r="450.27"
    >
      <stop
        offset="0"
        stopColor="#fff"
        stopOpacity="0.9"
      />
      <stop
        offset="0.37"
        stopColor="#fdfeff"
        stopOpacity="0.89"
      />
      <stop
        offset="0.5"
        stopColor="#f5fbff"
        stopOpacity="0.87"
      />
      <stop
        offset="0.6"
        stopColor="#e8f6ff"
        stopOpacity="0.83"
      />
      <stop
        offset="0.69"
        stopColor="#d5efff"
        stopOpacity="0.77"
      />
      <stop
        offset="0.75"
        stopColor="#bce5ff"
        stopOpacity="0.69"
      />
      <stop
        offset="0.82"
        stopColor="#9ddaff"
        stopOpacity="0.59"
      />
      <stop
        offset="0.87"
        stopColor="#79ccff"
        stopOpacity="0.48"
      />
      <stop
        offset="0.93"
        stopColor="#4fbbff"
        stopOpacity="0.35"
      />
      <stop
        offset="0.97"
        stopColor="#20a9ff"
        stopOpacity="0.2"
      />
      <stop
        offset="1"
        stopColor="#009dff"
        stopOpacity="0.1"
      />
    </radialGradient>
    <linearGradient
      gradientUnits="userSpaceOnUse"
      id="Gradiente_sem_nome_32"
      x1="235.01"
      x2="432.48"
      y1="51.13"
      y2="51.13"
    >
      <stop
        offset="0"
        stopColor="#fff"
        stopOpacity="0"
      />
      <stop
        offset="0.66"
        stopColor="#55beff"
        stopOpacity="0.67"
      />
      <stop
        offset="1"
        stopColor="#009dff"
      />
    </linearGradient>
    <linearGradient
      id="Gradiente_sem_nome_32-2"
      x1="235.01"
      x2="418.95"
      y1="55.08"
      y2="55.08"
    />
    <linearGradient
      gradientUnits="userSpaceOnUse"
      id="Gradiente_sem_nome_2"
      x1="485.77"
      x2="287.34"
      y1="433.74"
      y2="433.74"
    >
      <stop
        offset="0"
        stopColor="#007ecc"
      />
      <stop
        offset="0.29"
        stopColor="#0080d0"
      />
      <stop
        offset="0.56"
        stopColor="#0087db"
      />
      <stop
        offset="0.83"
        stopColor="#0093ee"
      />
      <stop
        offset="1"
        stopColor="#009dff"
      />
    </linearGradient>
  </defs>
  <title>
    Figura 422_1
  </title>
  <g
    data-name="Camada 2"
    id="Camada_2"
  >
    <g
      data-name="422"
      id="_422"
    >
      <g
        id="Figura"
      >
        <DesktopIllustration__Cls1
          d="M263.25,187.73h19.51v27.55H263.25v37.24H229.08V215.28H158.49L157,193.76l71.77-113.4h34.53Zm-72.25, 0h38.08V127l-2.25,3.9Z"
        />
        <DesktopIllustration__Cls1
          d="M419.09,252.52h-118V229.11l55.69-59.36q11.46-12.52, 17-21.87t5.49-17.74q0-11.46-5.79-18t-16.55-6.56q-11.59,0-18.27,8t-6.68,21H297.66a56.37,56.37,0,0,1, 7.51-28.73,52.87,52.87,0,0,1,21.22-20.4Q340.1,78,357.49,78q26.6,0,41.32,12.77t14.72,36.06q0, 12.78-6.62,26t-22.7,30.87L345.07,225h74Z"
        />
        <DesktopIllustration__Cls1
          d="M558,252.52H440V229.11l55.69-59.36q11.48-12.52,17-21.87t5.5-17.74q0-11.46-5.8-18t-16.55-6.56q-11.59, 0-18.27,8t-6.68,21H436.59a56.37,56.37,0,0,1,7.51-28.73,52.87,52.87,0,0,1,21.22-20.4Q479,78,496.42,78, 523,78,537.75,90.77t14.72,36.06q0,12.78-6.63,26t-22.7,30.87L484,225h74Z"
        />
        <DesktopIllustration__Cls2
          d="M146,148.63c-6.33-45.88,20.56-81.47,49.83-93.34s84.64-21.36,113.91,32.43c0,0, 47.07-107.91,165.84-84.36,114.25,22.66,105,139.38,105,139.38s43.27-56.86,104-6.87S695,254.63,695, 254.63s78.31,4.75,77.52,74.36-86.23,57.75-86.23,57.75,42.91,39.93,2.57,71.58-71.39-22.53-71.39-22.53, 16.2,91.66-67.28,117.25c-121.72,37.29-161-54-161-54s-10.54,62.25-99.14, 59.87-102.93-64.6-102.93-64.6-52.21,43.51-83.06,2.38,10.28-68,10.28-68S-8.26,420,.44, 319.5s106.79-91.76,106.79-91.76S66.89,201.63,85.08,166,146,148.63,146,148.63Z"
          id="Fundo"
        />
        <DesktopIllustration__Cls3
          d="M401.51,315.87c-44-15-182-43-182,15,0,72,118.54,16.26,169.5-6,59.5-26,158-54,158,6,0,47-60.38, 34.83-60.38,34.83"
          data-name="Aba cartola"
          id="Aba_cartola"
        />
        <g
          id="Lebre"
        >
          <g
            id="Cor"
          >
            <g
              id="Varinha"
            >
              <DesktopIllustration__Cls4
                d="M268.53,261.69c39.1-49.9,188.65-238.11,188.65-238.11l10.15,8.13L278.63,263.3"
              />
              <DesktopIllustration__Cls5Poly
                points="407.18 87.45 457.19 24.64 466.49 32.2 415.59 94.29 407.18 87.45"
              />
              <DesktopIllustration__Cls3
                d="M457.26,25.35l8.52,6.92L415.52,93.59l-7.64-6.21,49.38-62m-.15-1.42-50.63,63.6L415.66, 95l51.53-62.86-10.08-8.2Z"
              />
            </g>
            <DesktopIllustration__Cls6
              d="M326,301.91c-19-5.64-30.74-24.27-25.07-58.21a5.68,5.68,0,0,1-.93.05,7.87,7.87,0,0, 1-4.51-1.94h0c-.35,1-.73,2-1.16,3-6.23,14.31-15,22.76-25,18.6.1,22.76,7.86,44.21,31.85,55.06, 9.74,4.4,20.2,7.26,27.92,7.48C322.75,320,322.34,311.3,326,301.91Z"
            />
            <DesktopIllustration__Cls6
              d="M291.75,233.23c-1.52,4.15,3.78,10.39,8.2,10.52s6.05-4.42, 7-8.75c1-4.89-.16-9.84-4.15-11.3C298.61,222.18,294.18,226.58,291.75,233.23Z"
            />
            <DesktopIllustration__Cls6
              d="M291.75,233.23a18.86,18.86,0,0,1,5.37-8.25c-1.1-6.63-4.49-12-9.82-14.28-10.13-4.41-30.59, 11.32-32.15,28.24-1.43,15.68,3.71,20,13.84,24.37s19-4.07,25.29-18.5c.43-1,.81-2, 1.16-3C292.72,239.6,290.75,236,291.75,233.23Z"
            />
            <DesktopIllustration__Cls6
              d="M389.35,319.52c-19.13,3.62-45.92,17.93-58.93,7.66-20.86-16.44,9.93-57.35,46.06-72.39, 33.5-13.93,50.88-51.68,66-62.92,31-23,4-39-28-6-21.68,22.36-33.43,70.25-26.25,77.16,8.23,7.92, 57.09-5.48,86.25-30.16,26-22,12-67-12-29-11.46,18.15-62.37,37-62.88,71.84-.24,16.14,15.63, 34.55,16.43,45.37"
            />
          </g>
          <g
            id="Linhas"
          >
            <DesktopIllustration__Cls7
              d="M328.85,304.83c-19-5.68-30.69-24.33-25-58.26a5.68,5.68,0,0,1-.93.05,7.88,7.88,0,0, 1-4.51-2h0q-.51,1.5-1.17,3c-6.25,14.3-15,22.73-25.07,18.55C272.27,289,280,310.45,304,321.34c9.73, 4.42,20.19,7.3,27.91,7.54C325.62,322.88,325.22,314.21,328.85,304.83Z"
            />
            <DesktopIllustration__Cls4
              d="M275.09,267.65l-8.28,10.13-6.58-5.29c0-.18,2.49-3.34,6.8-8.83"
            />
            <DesktopIllustration__Cls7
              d="M294.78,236.08c-1.53,4.15,3.76,10.41,8.18,10.54s6.05-4.41, 7-8.74c1-4.88-.15-9.84-4.13-11.31C301.66,225.05,297.22,229.44,294.78,236.08Z"
            />
            <DesktopIllustration__Cls7
              d="M294.78,236.08a18.74,18.74,0,0,1,5.38-8.23c-1.08-6.64-4.46-12-9.79-14.31-10.12-4.42-30.61, 11.27-32.2,28.19-1.46,15.67,3.67,20,13.79,24.39s19-4,25.32-18.45q.66-1.5,1.17-3C295.74,242.46, 293.77,238.81,294.78,236.08Z"
            />
            <DesktopIllustration__Cls7
              d="M392.22,322.56c-19.14,3.58-46,17.84-59,7.55-20.82-16.49,10-57.34,46.2-72.31,33.53-13.87, 51-51.59,66.15-62.8,31-22.95,4.07-39-28-6.05-21.72,22.31-33.56,70.19-26.4,77.11,8.22, 7.93,57.1-5.38,86.31-30,26-22,12.13-67-11.94-29-11.5,18.14-62.45,36.87-63,71.73-.26,16.14,15.57, 34.58,16.35,45.4"
            />
            <g
              id="Espiral"
            >
              <DesktopIllustration__Cls4
                d="M362.05,253.4A14.5,14.5,0,0,1,355.9,255a5.77,5.77,0,0,1-3.06-.86,4.45,4.45,0,0,1-1.89-2.55, 6.51,6.51,0,0,1,1.48-6,11.13,11.13,0,0,1,2.46-2.08,25.71,25.71,0,0,1,2.87-1.45,21.36,21.36,0,0,1, 3-1.1,7.71,7.71,0,0,1,3.25-.32,2.46,2.46,0,0,1,1.51.83,2.05,2.05,0,0,1,.41,1.7,6.27,6.27,0,0, 1-1.63,2.87,16.37,16.37,0,0,1-5.29,3.7,13.83,13.83,0,0,1-17.43-4.85,13.69,13.69,0,0,1-2.43-6.09, 11.39,11.39,0,0,1,1.07-6.5c2-4,5.9-6.71,9.91-8.26a24.45,24.45,0,0,1,6.34-1.64,11.36,11.36,0,0,1, 6.64,1.08,6.89,6.89,0,0,1,2.53,2.47,7.89,7.89,0,0,1,1.09,3.34,7.4,7.4,0,0,1-.55,3.51,11.25,11.25, 0,0,1-1.9,2.88,22.54,22.54,0,0,1-5.25,4,32.9,32.9,0,0,1-5.94,2.78,22.62,22.62,0,0,1-13.14.36,16.6, 16.6,0,0,1-6.05-3,14.3,14.3,0,0, 1-1.27-1.19c-.4-.43-.74-.92-1.1-1.39s-.61-1-.84-1.56-.44-1.07-.61-1.62a13.31,13.31,0,0,1-.24-6.89, 16.63,16.63,0,0,1,2.91-6.17,27.06,27.06,0,0,1,10.45-8.15A34.06,34.06,0,0,1,356,209.46a17.68,17.68, 0,0,1,6.84,1,9.92,9.92,0,0,1,5.45,4.9,1.5,1.5,0,0,1-2.72,1.26h0v0a7,7,0,0,0-3.79-3.44,14.87,14.87, 0,0,0-5.7-.9,31.49,31.49,0,0,0-11.79,2.86,24.6,24.6,0,0,0-9.59,7.22,14.43,14.43,0,0,0-2.58,5.24, 11,11,0,0,0,.12,5.71c.91,3.84,4.45,6.35,8.28,7.47a20.79,20.79,0,0,0,12-.16,32.13,32.13,0,0,0, 5.63-2.54,21.15,21.15,0,0,0,4.89-3.63,10,10,0,0,0,1.64-2.39,5.72,5.72,0,0,0,.46-2.73,6.45,6.45,0, 0,0-.83-2.69,5.52,5.52,0,0,0-1.95-1.95,10,10,0,0,0-5.75-1,22.88,22.88,0,0,0-6,1.46,21.07,21.07,0, 0,0-5.43,2.93,13.91,13.91,0,0,0-4,4.61,10.38,10.38,0,0,0-1.05,5.88,12.75,12.75,0,0,0,2.19,5.68A13, 13,0,0,0,358.76,249a15.94,15.94,0,0,0,5.15-3.48,5.68,5.68,0,0,0,1.53-2.58,1.55,1.55,0,0,0-.28-1.31, 2,2,0,0,0-1.22-.67,7.57,7.57,0,0,0-3.05.26,23.88,23.88,0,0,0-3,1,25.89,25.89,0,0,0-2.85,1.39,11.27, 11.27,0,0,0-2.42,2,6.27,6.27,0,0,0-1.51,5.81,4.29,4.29,0,0,0,1.78,2.49,5.81,5.81,0,0,0,3,.89A14.51, 14.51,0,0,0,362.05,253.4Z"
              />
            </g>
            <g
              id="Movimento"
            >
              <DesktopIllustration__Cls8
                d="M431.27,32.88c-4.16-.84-8.42-1.48-12.67-2s-8.52-1-12.79-1.36Q393,28.4,380.08,28.41A276.16, 276.16,0,0,0,328.83,33c-4.23.73-8.41,1.74-12.6,2.67-4.16,1.1-8.33,2.13-12.43,3.44s-8.16,2.68-12.22, 4.08c-4,1.6-8,3.07-11.92,4.91A182.36,182.36,0,0,0,236,75.37a183.35,183.35,0,0,1, 43.44-27.69c3.88-1.88,7.92-3.39,11.91-5,4.06-1.44,8.08-3,12.22-4.21S311.85,36,316,34.87s8.39-2, 12.63-2.82a278.27,278.27,0,0,1,51.43-5.14q12.94-.14,25.88.82,6.45.48,12.89,1.25c4.29.53,8.55, 1.12,12.84,1.94a1,1,0,1,1-.37,2h0Z"
              />
              <DesktopIllustration__Cls9
                d="M417.6,47.79c-3.7-1.38-7.55-2.56-11.38-3.64s-7.73-2-11.64-2.9a225.39,225.39,0,0, 0-23.67-3.89,213.27,213.27,0,0,0-24-1.3,188.32,188.32,0,0,0-24,1.49A169.69,169.69,0,0,0,276.72, 50c-.92.4-1.86.75-2.76,1.19l-2.71,1.31c-1.79.89-3.63,1.7-5.39,2.66-3.5,2-7.07,3.79-10.42,6A170.31, 170.31,0,0,0,236,75.37,170.05,170.05,0,0,1,255.31,61c3.33-2.27,6.89-4.14,10.37-6.15,1.76-1, 3.59-1.81,5.38-2.72l2.7-1.34c.9-.44,1.84-.81,2.76-1.22l5.54-2.38,5.66-2.1c1.87-.74,3.8-1.31, 5.72-1.92s3.82-1.27,5.78-1.74l5.83-1.53c2-.46,3.94-.86,5.9-1.29s3.95-.76,5.94-1.1,4-.7, 6-.92a188.41,188.41,0,0,1,24.08-1.75,215.92,215.92,0,0,1,24.13,1.06A229.26,229.26,0,0,1,395, 39.54q5.93,1.23,11.76,2.8c3.91,1.06,7.76,2.19,11.6,3.58a1,1,0,0,1-.68,1.88h0Z"
              />
            </g>
          </g>
        </g>
        <DesktopIllustration__Cls10
          d="M481.67,362.8,431,333.13a286.6,286.6,0,0,1-65.67,2.1c-21,9.07-46.41,19.35-70.07,25.57,5, 48.32,3.79,92.8-5.23,136.66a14.28,14.28,0,0,0,.38,7.59c13.33,37.81,172.58,39,195.4,3.69a14.85,14.85,0, 0,0,1.68-12.25C475.29,455.43,475.46,411.41,481.67,362.8Z"
        />
        <DesktopIllustration__Cls4
          d="M355.39,339.46,389,324.86c59.5-26,158-54,158,6,0,47-65.5,35-65.5,35Z"
        />
        <DesktopIllustration__Cls11
          d="M480.42,373.26q-92,29.81-184,.26h0q-.53-6.31-1.18-12.71c23.66-6.22,49-16.5, 70.07-25.57,41.07,3.42,82.19.64,122.19-10.36Z"
        />
        <DesktopIllustration__Cls12
          d="M487.51,324.87c-40,11-81.12,13.78-122.19,10.36-13.11,5.66-27.92,11.78-42.94,17.1l-.78.4,48.08, 34.9q55.38,3.56,110.74-14.37Z"
        />
        <DesktopIllustration__Cls4
          d="M389.51,324.87c-51,22.26-170,78-170,6C225.51,398.87,332.51,339.87,389.51,324.87Z"
        />
        <g
          id="Balão"
        >
          <DesktopIllustration__Cls11Poly
            data-name="Balão"
            id="Balão-2"
            points="458.4 280.69 528.04 246.3 507.51 237.87 533.51 229.87 521.51 210.87 545.07 212.39 537.48 180.98 563.51 203.87 567.51 178.87 581.58 197.46 601.51 163.87 608.3 201.32 633.49 187.1 627.51 212.87 659.51 217.87 631.86 234.03 650.51 243.87 628.51 250.87 640.51 278.87 610.46 263.27 607.51 281.87 593.51 267.87 586.51 308.87 574.51 266.87 561.51 287.87 556.29 267.56 533.51 286.87 541.31 259.34 458.4 280.69"
          />
          <DesktopIllustration__Cls5
            d="M571.48,253a46.46,46.46,0,0,1-.54-7c0-4.76,1.11-8.15,3.2-10.39s5.06-3.61,9.2-3.61,7.61,1.29,10, 3.69S597,242,597,247a53.5,53.5,0,0,1-.3,6Zm22.67-3.31a21,21,0,0,0, .19-3.34c0-7.08-4-10.92-10.88-10.92-6.05,0-9.89,3.38-9.89,10.38a18.83,18.83,0,0,0,.34,3.88Z"
          />
          <DesktopIllustration__Cls5
            d="M581.4,228.57a2.27,2.27,0,1,1,0-4.53,2.27,2.27,0,1,1,0,4.53Zm13.43,0a2.27,2.27,0,1,1, 2.36-2.25A2.24,2.24,0,0,1,594.83,228.57Z"
          />
          <DesktopIllustration__Cls5
            d="M570.37,212.63c3.73,2.78,8.68,4.79,15.56,4.79a25.68,25.68,0,0,0,15.45-4.79v2.62a24.59,24.59, 0,0,1-15.45,5,25.12,25.12,0,0,1-15.56-5Z"
          />
        </g>
      </g>
    </g>
  </g>
</svg>
`;
