// Jest Snapshot v1, https://goo.gl/fbAQLP

exports[`Testing ToastContainer Component should render correctly  1`] = `
<Provider
  store={
    Object {
      "dispatch": [Function],
      "getState": [Function],
      "replaceReducer": [Function],
      "subscribe": [Function],
      Symbol(observable): [Function],
    }
  }
>
  <Connect(ToastList)
    close={[Function]}
    remove={[Function]}
    toasts={Array []}
  />
</Provider>
`;
