// Jest Snapshot v1, https://goo.gl/fbAQLP

exports[`Testing DropDownTab Styles Controlled Styles Content renders correctly with open=false 1`] = `
<StyledComponent
  forwardedComponent={
    Object {
      "$$typeof": Symbol(react.forward_ref),
      "attrs": Array [],
      "componentStyle": ComponentStyle {
        "componentId": "DropDownTabstyles__Content-sc-1d7lgdx-1",
        "isStatic": false,
        "rules": Array [
          "position:absolute;top:calc(100% + 1px);left:-1px;border:solid 1px ",
          [Function],
          ";border-top:0px;border-radius:0px 0px 4px 4px;background-color:#fff;width:100%;transition:all 250ms cubic-bezier(0.23,1,0.32,1) 0ms;z-index:300;",
          [Function],
          " & > ",
          ".SimpleTabstyles__CenterTab-sc-17by6iu-1",
          "{border:0px;background-color:transparent;width:100%;height:36px;}& ",
          ".SimpleTabstyles__ChildContainer-sc-17by6iu-3",
          "{pointer-events:none;}",
        ],
      },
      "displayName": "DropDownTabstyles__Content",
      "foldedComponentIds": Array [],
      "render": [Function],
      "styledComponentId": "DropDownTabstyles__Content-sc-1d7lgdx-1",
      "target": "div",
      "toString": [Function],
      "warnTooManyClasses": [Function],
      "withComponent": [Function],
    }
  }
  forwardedRef={null}
  open={false}
/>
`;

exports[`Testing DropDownTab Styles Controlled Styles Content renders correctly with open=true 1`] = `
<StyledComponent
  forwardedComponent={
    Object {
      "$$typeof": Symbol(react.forward_ref),
      "attrs": Array [],
      "componentStyle": ComponentStyle {
        "componentId": "DropDownTabstyles__Content-sc-1d7lgdx-1",
        "isStatic": false,
        "rules": Array [
          "position:absolute;top:calc(100% + 1px);left:-1px;border:solid 1px ",
          [Function],
          ";border-top:0px;border-radius:0px 0px 4px 4px;background-color:#fff;width:100%;transition:all 250ms cubic-bezier(0.23,1,0.32,1) 0ms;z-index:300;",
          [Function],
          " & > ",
          ".SimpleTabstyles__CenterTab-sc-17by6iu-1",
          "{border:0px;background-color:transparent;width:100%;height:36px;}& ",
          ".SimpleTabstyles__ChildContainer-sc-17by6iu-3",
          "{pointer-events:none;}",
        ],
      },
      "displayName": "DropDownTabstyles__Content",
      "foldedComponentIds": Array [],
      "render": [Function],
      "styledComponentId": "DropDownTabstyles__Content-sc-1d7lgdx-1",
      "target": "div",
      "toString": [Function],
      "warnTooManyClasses": [Function],
      "withComponent": [Function],
    }
  }
  forwardedRef={null}
  open={true}
/>
`;

exports[`Testing DropDownTab Styles Controlled Styles Content renders correctly without props 1`] = `
<StyledComponent
  forwardedComponent={
    Object {
      "$$typeof": Symbol(react.forward_ref),
      "attrs": Array [],
      "componentStyle": ComponentStyle {
        "componentId": "DropDownTabstyles__Content-sc-1d7lgdx-1",
        "isStatic": false,
        "rules": Array [
          "position:absolute;top:calc(100% + 1px);left:-1px;border:solid 1px ",
          [Function],
          ";border-top:0px;border-radius:0px 0px 4px 4px;background-color:#fff;width:100%;transition:all 250ms cubic-bezier(0.23,1,0.32,1) 0ms;z-index:300;",
          [Function],
          " & > ",
          ".SimpleTabstyles__CenterTab-sc-17by6iu-1",
          "{border:0px;background-color:transparent;width:100%;height:36px;}& ",
          ".SimpleTabstyles__ChildContainer-sc-17by6iu-3",
          "{pointer-events:none;}",
        ],
      },
      "displayName": "DropDownTabstyles__Content",
      "foldedComponentIds": Array [],
      "render": [Function],
      "styledComponentId": "DropDownTabstyles__Content-sc-1d7lgdx-1",
      "target": "div",
      "toString": [Function],
      "warnTooManyClasses": [Function],
      "withComponent": [Function],
    }
  }
  forwardedRef={null}
/>
`;

exports[`Testing DropDownTab Styles Uncontrolled Styles renders Tab correctly 1`] = `
<StyledComponent
  forwardedComponent={
    Object {
      "$$typeof": Symbol(react.forward_ref),
      "attrs": Array [],
      "componentStyle": ComponentStyle {
        "componentId": "DropDownTabstyles__Tab-sc-1d7lgdx-0",
        "isStatic": false,
        "rules": Array [
          "--icon-size:16px;--border-color:",
          [Function],
          ";min-height:48px;flex-grow:1;display:flex;justify-content:center;align-items:center;flex-basis:0;font-family:",
          [Function],
          ";",
          [Function],
          " text-decoration:none;border:0px;border-top:1px solid var(--border-color);border-right:1px solid var(--border-color);&:first-of-type{border-radius:4px 0 0 0;border-left:1px solid var(--border-color);}&:last-of-type{border-radius:0 4px 0 0;}",
          [Function],
          " ",
          [Function],
          " &:focus{outline:0;}cursor:pointer;transition:all 450ms cubic-bezier(0.23,1,0.32,1) 0ms;white-space:nowrap;",
          "position:relative;",
          [Function],
          " &:after{content:'';position:absolute;top:calc(50% - 9px);right:11px;width:0px;height:0px;border-top:5px solid ",
          [Function],
          ";border-right:5px solid transparent;border-bottom:5px solid transparent;border-left:5px solid transparent;transform:scale(0.75);margin:7px;}",
        ],
      },
      "displayName": "DropDownTabstyles__Tab",
      "foldedComponentIds": Array [
        "SimpleTabstyles__CenterTab-sc-17by6iu-1",
      ],
      "render": [Function],
      "styledComponentId": "DropDownTabstyles__Tab-sc-1d7lgdx-0",
      "target": "a",
      "toString": [Function],
      "warnTooManyClasses": [Function],
      "withComponent": [Function],
    }
  }
  forwardedRef={null}
/>
`;
