// Jest Snapshot v1, https://goo.gl/fbAQLP

exports[`Testing NavBar Component should render correctly 1`] = `<Fragment />`;
