// Jest Snapshot v1, https://goo.gl/fbAQLP

exports[`Testing CircularProgressBar Component should render correctly  1`] = `
<svg
  height={20}
  viewBox="0 0 20 20"
  width={20}
>
  <Uploadstyles__CircleBackground
    cx={10}
    cy={10}
    r={0}
    strokeWidth="20px"
  />
  <Uploadstyles__CircleProgress
    cx={10}
    cy={10}
    r={0}
    strokeWidth="20px"
    style={
      Object {
        "strokeDasharray": 0,
        "strokeDashoffset": 0,
      }
    }
    transform="rotate(-90 10 10)"
  />
</svg>
`;
