// Jest Snapshot v1, https://goo.gl/fbAQLP

exports[`Testing UploadContainer Component should render correctly  1`] = `
<Provider
  store={
    Object {
      "dispatch": [Function],
      "getState": [Function],
      "replaceReducer": [Function],
      "subscribe": [Function],
      Symbol(observable): [Function],
    }
  }
>
  <Connect(Component)
    files={Object {}}
  />
</Provider>
`;
