// Jest Snapshot v1, https://goo.gl/fbAQLP

exports[`Testing Checkbox Styles BackgroundBar shold render correctly 1`] = `
<StyledComponent
  forwardedComponent={
    Object {
      "$$typeof": Symbol(react.forward_ref),
      "attrs": Array [],
      "componentStyle": ComponentStyle {
        "componentId": "styles__BackgroundBar-sc-1fmuvja-0",
        "isStatic": false,
        "rules": Array [
          "position:relative;display:block;width:100%;border-radius:12px;background-color:#e8e8e8;margin:0px;overflow:hidden;height:",
          [Function],
          "px;",
        ],
      },
      "displayName": "styles__BackgroundBar",
      "foldedComponentIds": Array [],
      "render": [Function],
      "styledComponentId": "styles__BackgroundBar-sc-1fmuvja-0",
      "target": "div",
      "toString": [Function],
      "warnTooManyClasses": [Function],
      "withComponent": [Function],
    }
  }
  forwardedRef={null}
/>
`;

exports[`Testing Checkbox Styles Checkbox shold render correctly with props 1`] = `
<StyledComponent
  background="#000"
  forwardedComponent={
    Object {
      "$$typeof": Symbol(react.forward_ref),
      "attrs": Array [],
      "componentStyle": ComponentStyle {
        "componentId": "styles__DeterminateBar-sc-1fmuvja-1",
        "isStatic": false,
        "rules": Array [
          "position:absolute;top:0;left:0;bottom:0;background:",
          [Function],
          ";transition:width 0.3s linear;width:",
          [Function],
          "%;",
        ],
      },
      "displayName": "styles__DeterminateBar",
      "foldedComponentIds": Array [],
      "render": [Function],
      "styledComponentId": "styles__DeterminateBar-sc-1fmuvja-1",
      "target": "div",
      "toString": [Function],
      "warnTooManyClasses": [Function],
      "withComponent": [Function],
    }
  }
  forwardedRef={null}
  size={50}
/>
`;

exports[`Testing Checkbox Styles Checkbox shold render correctly without props 1`] = `
<StyledComponent
  forwardedComponent={
    Object {
      "$$typeof": Symbol(react.forward_ref),
      "attrs": Array [],
      "componentStyle": ComponentStyle {
        "componentId": "styles__DeterminateBar-sc-1fmuvja-1",
        "isStatic": false,
        "rules": Array [
          "position:absolute;top:0;left:0;bottom:0;background:",
          [Function],
          ";transition:width 0.3s linear;width:",
          [Function],
          "%;",
        ],
      },
      "displayName": "styles__DeterminateBar",
      "foldedComponentIds": Array [],
      "render": [Function],
      "styledComponentId": "styles__DeterminateBar-sc-1fmuvja-1",
      "target": "div",
      "toString": [Function],
      "warnTooManyClasses": [Function],
      "withComponent": [Function],
    }
  }
  forwardedRef={null}
/>
`;

exports[`Testing Checkbox Styles IndeterminateBar shold render correctly with props 1`] = `
<StyledComponent
  background="#000"
  forwardedComponent={
    Object {
      "$$typeof": Symbol(react.forward_ref),
      "attrs": Array [],
      "componentStyle": ComponentStyle {
        "componentId": "styles__IndeterminateBar-sc-1fmuvja-2",
        "isStatic": false,
        "rules": Array [
          "background:",
          [Function],
          ";&:before{content:'';position:absolute;background:inherit;top:0;left:0;bottom:0;will-change:left,right;animation:",
          Keyframes {
            "id": "sc-keyframes-joaTXg",
            "inject": [Function],
            "name": "joaTXg",
            "rules": Array [
              "@-webkit-keyframes joaTXg{0%{left:-35%;right:100%;}60%{left:100%;right:-90%;}100%{left:100%;right:-90%;}}",
              "@keyframes joaTXg{0%{left:-35%;right:100%;}60%{left:100%;right:-90%;}100%{left:100%;right:-90%;}}",
            ],
            "toString": [Function],
          },
          " 2.1s cubic-bezier(0.65,0.815,0.735,0.395) infinite;}&:after{content:'';position:absolute;background:inherit;top:0;left:0;bottom:0;will-change:left,right;animation:",
          Keyframes {
            "id": "sc-keyframes-LegO",
            "inject": [Function],
            "name": "LegO",
            "rules": Array [
              "@-webkit-keyframes LegO{0%{left:-200%;right:100%;}60%{left:107%;right:-8%;}100%{left:107%;right:-8%;}}",
              "@keyframes LegO{0%{left:-200%;right:100%;}60%{left:107%;right:-8%;}100%{left:107%;right:-8%;}}",
            ],
            "toString": [Function],
          },
          " 2.1s cubic-bezier(0.165,0.84,0.44,1) infinite;animation-delay:1.15s;}",
        ],
      },
      "displayName": "styles__IndeterminateBar",
      "foldedComponentIds": Array [],
      "render": [Function],
      "styledComponentId": "styles__IndeterminateBar-sc-1fmuvja-2",
      "target": "div",
      "toString": [Function],
      "warnTooManyClasses": [Function],
      "withComponent": [Function],
    }
  }
  forwardedRef={null}
/>
`;

exports[`Testing Checkbox Styles IndeterminateBar shold render correctly without props 1`] = `
<StyledComponent
  forwardedComponent={
    Object {
      "$$typeof": Symbol(react.forward_ref),
      "attrs": Array [],
      "componentStyle": ComponentStyle {
        "componentId": "styles__IndeterminateBar-sc-1fmuvja-2",
        "isStatic": false,
        "rules": Array [
          "background:",
          [Function],
          ";&:before{content:'';position:absolute;background:inherit;top:0;left:0;bottom:0;will-change:left,right;animation:",
          Keyframes {
            "id": "sc-keyframes-joaTXg",
            "inject": [Function],
            "name": "joaTXg",
            "rules": Array [
              "@-webkit-keyframes joaTXg{0%{left:-35%;right:100%;}60%{left:100%;right:-90%;}100%{left:100%;right:-90%;}}",
              "@keyframes joaTXg{0%{left:-35%;right:100%;}60%{left:100%;right:-90%;}100%{left:100%;right:-90%;}}",
            ],
            "toString": [Function],
          },
          " 2.1s cubic-bezier(0.65,0.815,0.735,0.395) infinite;}&:after{content:'';position:absolute;background:inherit;top:0;left:0;bottom:0;will-change:left,right;animation:",
          Keyframes {
            "id": "sc-keyframes-LegO",
            "inject": [Function],
            "name": "LegO",
            "rules": Array [
              "@-webkit-keyframes LegO{0%{left:-200%;right:100%;}60%{left:107%;right:-8%;}100%{left:107%;right:-8%;}}",
              "@keyframes LegO{0%{left:-200%;right:100%;}60%{left:107%;right:-8%;}100%{left:107%;right:-8%;}}",
            ],
            "toString": [Function],
          },
          " 2.1s cubic-bezier(0.165,0.84,0.44,1) infinite;animation-delay:1.15s;}",
        ],
      },
      "displayName": "styles__IndeterminateBar",
      "foldedComponentIds": Array [],
      "render": [Function],
      "styledComponentId": "styles__IndeterminateBar-sc-1fmuvja-2",
      "target": "div",
      "toString": [Function],
      "warnTooManyClasses": [Function],
      "withComponent": [Function],
    }
  }
  forwardedRef={null}
/>
`;
