// Jest Snapshot v1, https://goo.gl/fbAQLP

exports[`Testing RangeField Component Rendering Tests should render correctly with props (closed) with selection 1`] = `
<RangeFieldstyles__FieldContainer>
  <RangeFieldstyles__Label
    layout="selected"
  />
  <ClickOutside
    onOutsideClick={[Function]}
  >
    <RangeFieldstyles__FieldBox
      layout="selected"
      onClick={[Function]}
    >
      De 30 a 60
    </RangeFieldstyles__FieldBox>
    <RangeFieldstyles__RangeContainer
      open={false}
      position="left"
    >
      <RangeFieldstyles__CardContent>
        <RangeFieldstyles__ValueContainer>
          <RangeFieldstyles__ValueLabel>
            de:
            <RangeFieldstyles__ValueField
              id="input_range_from"
              onChange={[Function]}
              onFocus={[Function]}
              onKeyDown={[Function]}
              placeholder={20}
              unselected={false}
              value="30"
            />
          </RangeFieldstyles__ValueLabel>
          <RangeFieldstyles__ValueLabel>
            a:
            <RangeFieldstyles__ValueField
              id="input_range_to"
              onChange={[Function]}
              onFocus={[Function]}
              onKeyDown={[Function]}
              placeholder={100}
              unselected={false}
              value="60"
            />
          </RangeFieldstyles__ValueLabel>
        </RangeFieldstyles__ValueContainer>
        <RangeFieldstyles__RangeInputContainer>
          <RangeFieldstyles__DiffBar
            from="12.5%"
            to="50%"
          >
            <RangeFieldstyles__FromTooltip
              unselected={false}
            >
              30
            </RangeFieldstyles__FromTooltip>
            <RangeFieldstyles__ToTooltip
              unselected={false}
            >
              60
            </RangeFieldstyles__ToTooltip>
          </RangeFieldstyles__DiffBar>
          <RangeFieldstyles__RangeInputFrom
            max={100}
            min={20}
            onBlur={[Function]}
            onChange={[Function]}
            onMouseDown={[Function]}
            onMouseUp={[Function]}
            value={30}
          />
          <RangeFieldstyles__RangeInputTo
            max={100}
            min={20}
            onBlur={[Function]}
            onChange={[Function]}
            onMouseDown={[Function]}
            onMouseUp={[Function]}
            value={60}
          />
        </RangeFieldstyles__RangeInputContainer>
      </RangeFieldstyles__CardContent>
    </RangeFieldstyles__RangeContainer>
  </ClickOutside>
</RangeFieldstyles__FieldContainer>
`;

exports[`Testing RangeField Component Rendering Tests should render correctly with props (closed) without selection 1`] = `
<RangeFieldstyles__FieldContainer>
  <RangeFieldstyles__Label
    layout="unselected"
  />
  <ClickOutside
    onOutsideClick={[Function]}
  >
    <RangeFieldstyles__FieldBox
      layout="unselected"
      onClick={[Function]}
    />
    <RangeFieldstyles__RangeContainer
      open={false}
      position="left"
    >
      <RangeFieldstyles__CardContent>
        <RangeFieldstyles__ValueContainer>
          <RangeFieldstyles__ValueLabel>
            de:
            <RangeFieldstyles__ValueField
              id="input_range_from"
              onChange={[Function]}
              onFocus={[Function]}
              onKeyDown={[Function]}
              placeholder={20}
              unselected={true}
              value=""
            />
          </RangeFieldstyles__ValueLabel>
          <RangeFieldstyles__ValueLabel>
            a:
            <RangeFieldstyles__ValueField
              id="input_range_to"
              onChange={[Function]}
              onFocus={[Function]}
              onKeyDown={[Function]}
              placeholder={100}
              unselected={true}
              value=""
            />
          </RangeFieldstyles__ValueLabel>
        </RangeFieldstyles__ValueContainer>
        <RangeFieldstyles__RangeInputContainer>
          <RangeFieldstyles__DiffBar
            from="0%"
            to="100%"
          >
            <RangeFieldstyles__FromTooltip
              unselected={true}
            >
              20
            </RangeFieldstyles__FromTooltip>
            <RangeFieldstyles__ToTooltip
              unselected={true}
            >
              100
            </RangeFieldstyles__ToTooltip>
          </RangeFieldstyles__DiffBar>
          <RangeFieldstyles__RangeInputFrom
            max={100}
            min={20}
            onBlur={[Function]}
            onChange={[Function]}
            onMouseDown={[Function]}
            onMouseUp={[Function]}
            value={20}
          />
          <RangeFieldstyles__RangeInputTo
            max={100}
            min={20}
            onBlur={[Function]}
            onChange={[Function]}
            onMouseDown={[Function]}
            onMouseUp={[Function]}
            value={100}
          />
        </RangeFieldstyles__RangeInputContainer>
      </RangeFieldstyles__CardContent>
    </RangeFieldstyles__RangeContainer>
  </ClickOutside>
</RangeFieldstyles__FieldContainer>
`;

exports[`Testing RangeField Component Rendering Tests should render correctly with props (open) with selection 1`] = `
<RangeFieldstyles__FieldContainer>
  <RangeFieldstyles__Label
    layout="open"
  />
  <ClickOutside
    onOutsideClick={[Function]}
  >
    <RangeFieldstyles__FieldBox
      layout="open"
      onClick={[Function]}
    >
      De 30 a 60
    </RangeFieldstyles__FieldBox>
    <RangeFieldstyles__RangeContainer
      open={true}
      position="left"
    >
      <RangeFieldstyles__CardContent>
        <RangeFieldstyles__ValueContainer>
          <RangeFieldstyles__ValueLabel>
            de:
            <RangeFieldstyles__ValueField
              id="input_range_from"
              onChange={[Function]}
              onFocus={[Function]}
              onKeyDown={[Function]}
              placeholder={20}
              unselected={false}
              value="30"
            />
          </RangeFieldstyles__ValueLabel>
          <RangeFieldstyles__ValueLabel>
            a:
            <RangeFieldstyles__ValueField
              id="input_range_to"
              onChange={[Function]}
              onFocus={[Function]}
              onKeyDown={[Function]}
              placeholder={100}
              unselected={false}
              value="60"
            />
          </RangeFieldstyles__ValueLabel>
        </RangeFieldstyles__ValueContainer>
        <RangeFieldstyles__RangeInputContainer>
          <RangeFieldstyles__DiffBar
            from="12.5%"
            to="50%"
          >
            <RangeFieldstyles__FromTooltip
              unselected={false}
            >
              30
            </RangeFieldstyles__FromTooltip>
            <RangeFieldstyles__ToTooltip
              unselected={false}
            >
              60
            </RangeFieldstyles__ToTooltip>
          </RangeFieldstyles__DiffBar>
          <RangeFieldstyles__RangeInputFrom
            max={100}
            min={20}
            onBlur={[Function]}
            onChange={[Function]}
            onMouseDown={[Function]}
            onMouseUp={[Function]}
            value={30}
          />
          <RangeFieldstyles__RangeInputTo
            max={100}
            min={20}
            onBlur={[Function]}
            onChange={[Function]}
            onMouseDown={[Function]}
            onMouseUp={[Function]}
            value={60}
          />
        </RangeFieldstyles__RangeInputContainer>
      </RangeFieldstyles__CardContent>
    </RangeFieldstyles__RangeContainer>
  </ClickOutside>
</RangeFieldstyles__FieldContainer>
`;

exports[`Testing RangeField Component Rendering Tests should render correctly with props (open) without selection 1`] = `
<RangeFieldstyles__FieldContainer>
  <RangeFieldstyles__Label
    layout="open"
  />
  <ClickOutside
    onOutsideClick={[Function]}
  >
    <RangeFieldstyles__FieldBox
      layout="open"
      onClick={[Function]}
    />
    <RangeFieldstyles__RangeContainer
      open={true}
      position="left"
    >
      <RangeFieldstyles__CardContent>
        <RangeFieldstyles__ValueContainer>
          <RangeFieldstyles__ValueLabel>
            de:
            <RangeFieldstyles__ValueField
              id="input_range_from"
              onChange={[Function]}
              onFocus={[Function]}
              onKeyDown={[Function]}
              placeholder={20}
              unselected={true}
              value=""
            />
          </RangeFieldstyles__ValueLabel>
          <RangeFieldstyles__ValueLabel>
            a:
            <RangeFieldstyles__ValueField
              id="input_range_to"
              onChange={[Function]}
              onFocus={[Function]}
              onKeyDown={[Function]}
              placeholder={100}
              unselected={true}
              value=""
            />
          </RangeFieldstyles__ValueLabel>
        </RangeFieldstyles__ValueContainer>
        <RangeFieldstyles__RangeInputContainer>
          <RangeFieldstyles__DiffBar
            from="0%"
            to="100%"
          >
            <RangeFieldstyles__FromTooltip
              unselected={true}
            >
              20
            </RangeFieldstyles__FromTooltip>
            <RangeFieldstyles__ToTooltip
              unselected={true}
            >
              100
            </RangeFieldstyles__ToTooltip>
          </RangeFieldstyles__DiffBar>
          <RangeFieldstyles__RangeInputFrom
            max={100}
            min={20}
            onBlur={[Function]}
            onChange={[Function]}
            onMouseDown={[Function]}
            onMouseUp={[Function]}
            value={20}
          />
          <RangeFieldstyles__RangeInputTo
            max={100}
            min={20}
            onBlur={[Function]}
            onChange={[Function]}
            onMouseDown={[Function]}
            onMouseUp={[Function]}
            value={100}
          />
        </RangeFieldstyles__RangeInputContainer>
      </RangeFieldstyles__CardContent>
    </RangeFieldstyles__RangeContainer>
  </ClickOutside>
</RangeFieldstyles__FieldContainer>
`;

exports[`Testing RangeField Component Rendering Tests should render correctly without props (closed) with selection 1`] = `
<RangeFieldstyles__FieldContainer>
  <RangeFieldstyles__Label
    layout="selected"
  />
  <ClickOutside
    onOutsideClick={[Function]}
  >
    <RangeFieldstyles__FieldBox
      layout="selected"
      onClick={[Function]}
    >
      De 30 a 60
    </RangeFieldstyles__FieldBox>
    <RangeFieldstyles__RangeContainer
      open={false}
      position="left"
    >
      <RangeFieldstyles__CardContent>
        <RangeFieldstyles__ValueContainer>
          <RangeFieldstyles__ValueLabel>
            de:
            <RangeFieldstyles__ValueField
              id="input_range_from"
              onChange={[Function]}
              onFocus={[Function]}
              onKeyDown={[Function]}
              placeholder={10}
              unselected={false}
              value="30"
            />
          </RangeFieldstyles__ValueLabel>
          <RangeFieldstyles__ValueLabel>
            a:
            <RangeFieldstyles__ValueField
              id="input_range_to"
              onChange={[Function]}
              onFocus={[Function]}
              onKeyDown={[Function]}
              placeholder={200}
              unselected={false}
              value="60"
            />
          </RangeFieldstyles__ValueLabel>
        </RangeFieldstyles__ValueContainer>
        <RangeFieldstyles__RangeInputContainer>
          <RangeFieldstyles__DiffBar
            from="10.526315789473683%"
            to="26.31578947368421%"
          >
            <RangeFieldstyles__FromTooltip
              unselected={false}
            >
              30
            </RangeFieldstyles__FromTooltip>
            <RangeFieldstyles__ToTooltip
              unselected={false}
            >
              60
            </RangeFieldstyles__ToTooltip>
          </RangeFieldstyles__DiffBar>
          <RangeFieldstyles__RangeInputFrom
            max={200}
            min={10}
            onBlur={[Function]}
            onChange={[Function]}
            onMouseDown={[Function]}
            onMouseUp={[Function]}
            value={30}
          />
          <RangeFieldstyles__RangeInputTo
            max={200}
            min={10}
            onBlur={[Function]}
            onChange={[Function]}
            onMouseDown={[Function]}
            onMouseUp={[Function]}
            value={60}
          />
        </RangeFieldstyles__RangeInputContainer>
      </RangeFieldstyles__CardContent>
    </RangeFieldstyles__RangeContainer>
  </ClickOutside>
</RangeFieldstyles__FieldContainer>
`;

exports[`Testing RangeField Component Rendering Tests should render correctly without props (closed) without selection 1`] = `
<RangeFieldstyles__FieldContainer>
  <RangeFieldstyles__Label
    layout="unselected"
  />
  <ClickOutside
    onOutsideClick={[Function]}
  >
    <RangeFieldstyles__FieldBox
      layout="unselected"
      onClick={[Function]}
    />
    <RangeFieldstyles__RangeContainer
      open={false}
      position="left"
    >
      <RangeFieldstyles__CardContent>
        <RangeFieldstyles__ValueContainer>
          <RangeFieldstyles__ValueLabel>
            de:
            <RangeFieldstyles__ValueField
              id="input_range_from"
              onChange={[Function]}
              onFocus={[Function]}
              onKeyDown={[Function]}
              placeholder={10}
              unselected={true}
              value=""
            />
          </RangeFieldstyles__ValueLabel>
          <RangeFieldstyles__ValueLabel>
            a:
            <RangeFieldstyles__ValueField
              id="input_range_to"
              onChange={[Function]}
              onFocus={[Function]}
              onKeyDown={[Function]}
              placeholder={200}
              unselected={true}
              value=""
            />
          </RangeFieldstyles__ValueLabel>
        </RangeFieldstyles__ValueContainer>
        <RangeFieldstyles__RangeInputContainer>
          <RangeFieldstyles__DiffBar
            from="0%"
            to="100%"
          >
            <RangeFieldstyles__FromTooltip
              unselected={true}
            >
              10
            </RangeFieldstyles__FromTooltip>
            <RangeFieldstyles__ToTooltip
              unselected={true}
            >
              200
            </RangeFieldstyles__ToTooltip>
          </RangeFieldstyles__DiffBar>
          <RangeFieldstyles__RangeInputFrom
            max={200}
            min={10}
            onBlur={[Function]}
            onChange={[Function]}
            onMouseDown={[Function]}
            onMouseUp={[Function]}
            value={10}
          />
          <RangeFieldstyles__RangeInputTo
            max={200}
            min={10}
            onBlur={[Function]}
            onChange={[Function]}
            onMouseDown={[Function]}
            onMouseUp={[Function]}
            value={200}
          />
        </RangeFieldstyles__RangeInputContainer>
      </RangeFieldstyles__CardContent>
    </RangeFieldstyles__RangeContainer>
  </ClickOutside>
</RangeFieldstyles__FieldContainer>
`;

exports[`Testing RangeField Component Rendering Tests should render correctly without props (open) with selection 1`] = `
<RangeFieldstyles__FieldContainer>
  <RangeFieldstyles__Label
    layout="open"
  />
  <ClickOutside
    onOutsideClick={[Function]}
  >
    <RangeFieldstyles__FieldBox
      layout="open"
      onClick={[Function]}
    >
      De 30 a 60
    </RangeFieldstyles__FieldBox>
    <RangeFieldstyles__RangeContainer
      open={true}
      position="left"
    >
      <RangeFieldstyles__CardContent>
        <RangeFieldstyles__ValueContainer>
          <RangeFieldstyles__ValueLabel>
            de:
            <RangeFieldstyles__ValueField
              id="input_range_from"
              onChange={[Function]}
              onFocus={[Function]}
              onKeyDown={[Function]}
              placeholder={10}
              unselected={false}
              value="30"
            />
          </RangeFieldstyles__ValueLabel>
          <RangeFieldstyles__ValueLabel>
            a:
            <RangeFieldstyles__ValueField
              id="input_range_to"
              onChange={[Function]}
              onFocus={[Function]}
              onKeyDown={[Function]}
              placeholder={200}
              unselected={false}
              value="60"
            />
          </RangeFieldstyles__ValueLabel>
        </RangeFieldstyles__ValueContainer>
        <RangeFieldstyles__RangeInputContainer>
          <RangeFieldstyles__DiffBar
            from="10.526315789473683%"
            to="26.31578947368421%"
          >
            <RangeFieldstyles__FromTooltip
              unselected={false}
            >
              30
            </RangeFieldstyles__FromTooltip>
            <RangeFieldstyles__ToTooltip
              unselected={false}
            >
              60
            </RangeFieldstyles__ToTooltip>
          </RangeFieldstyles__DiffBar>
          <RangeFieldstyles__RangeInputFrom
            max={200}
            min={10}
            onBlur={[Function]}
            onChange={[Function]}
            onMouseDown={[Function]}
            onMouseUp={[Function]}
            value={30}
          />
          <RangeFieldstyles__RangeInputTo
            max={200}
            min={10}
            onBlur={[Function]}
            onChange={[Function]}
            onMouseDown={[Function]}
            onMouseUp={[Function]}
            value={60}
          />
        </RangeFieldstyles__RangeInputContainer>
      </RangeFieldstyles__CardContent>
    </RangeFieldstyles__RangeContainer>
  </ClickOutside>
</RangeFieldstyles__FieldContainer>
`;

exports[`Testing RangeField Component Rendering Tests should render correctly without props (open) without selection 1`] = `
<RangeFieldstyles__FieldContainer>
  <RangeFieldstyles__Label
    layout="open"
  />
  <ClickOutside
    onOutsideClick={[Function]}
  >
    <RangeFieldstyles__FieldBox
      layout="open"
      onClick={[Function]}
    />
    <RangeFieldstyles__RangeContainer
      open={true}
      position="left"
    >
      <RangeFieldstyles__CardContent>
        <RangeFieldstyles__ValueContainer>
          <RangeFieldstyles__ValueLabel>
            de:
            <RangeFieldstyles__ValueField
              id="input_range_from"
              onChange={[Function]}
              onFocus={[Function]}
              onKeyDown={[Function]}
              placeholder={10}
              unselected={true}
              value=""
            />
          </RangeFieldstyles__ValueLabel>
          <RangeFieldstyles__ValueLabel>
            a:
            <RangeFieldstyles__ValueField
              id="input_range_to"
              onChange={[Function]}
              onFocus={[Function]}
              onKeyDown={[Function]}
              placeholder={200}
              unselected={true}
              value=""
            />
          </RangeFieldstyles__ValueLabel>
        </RangeFieldstyles__ValueContainer>
        <RangeFieldstyles__RangeInputContainer>
          <RangeFieldstyles__DiffBar
            from="0%"
            to="100%"
          >
            <RangeFieldstyles__FromTooltip
              unselected={true}
            >
              10
            </RangeFieldstyles__FromTooltip>
            <RangeFieldstyles__ToTooltip
              unselected={true}
            >
              200
            </RangeFieldstyles__ToTooltip>
          </RangeFieldstyles__DiffBar>
          <RangeFieldstyles__RangeInputFrom
            max={200}
            min={10}
            onBlur={[Function]}
            onChange={[Function]}
            onMouseDown={[Function]}
            onMouseUp={[Function]}
            value={10}
          />
          <RangeFieldstyles__RangeInputTo
            max={200}
            min={10}
            onBlur={[Function]}
            onChange={[Function]}
            onMouseDown={[Function]}
            onMouseUp={[Function]}
            value={200}
          />
        </RangeFieldstyles__RangeInputContainer>
      </RangeFieldstyles__CardContent>
    </RangeFieldstyles__RangeContainer>
  </ClickOutside>
</RangeFieldstyles__FieldContainer>
`;
