// Jest Snapshot v1, https://goo.gl/fbAQLP

exports[`Testing ClickOutside Component should render correctly 1`] = `
<div>
  <span>
    Children
  </span>
</div>
`;
