// Jest Snapshot v1, https://goo.gl/fbAQLP

exports[`Testing Background should render correctly 1`] = `
<svg
  className=""
  data-name="Fundo 404"
  id="Fundo_404"
  preserveAspectRatio="none"
  viewBox="0 0 1366 768"
  xmlns="http://www.w3.org/2000/svg"
>
  <Background__Cls1
    height="768"
    id="Tela"
    width="1366"
  />
  <Background__Cls2
    d="M0,40.257V768H187.309c168.5-60.626,302.572-47.192,405.808, 0h735.868c59.718-269.748-313.976-276.945-187.155-548.472C1172.389,154.1,1167.412,71.4,1133.157, 0H536.682C212.751,216.044,114.394,45.416,0,40.257Z"
    data-name="Path 282"
    id="Path_282"
  />
  <g
    data-name="Group 64"
    id="Group_64"
  >
    <Background__Cls3
      d="M192.29,752.209A271.044,271.044,0,0,1,134.754,768h52.555c168.5-60.626,302.572-47.192,405.808,0h32.5C523.264, 705.147,380.754,678.3,192.29,752.209Z"
      data-name="Path 283"
      id="Path_283"
    />
    <Background__Cls3
      d="M588.82,5.016c2.25-1.7,4.49-3.362,6.729-5.016H536.682C212.751,216.044,114.394,45.416,0, 40.257V90.591C133.584,37.851,204.6,295.561,588.82,5.016Z"
      data-name="Path 284"
      id="Path_284"
    />
    <Background__Cls3
      d="M0,768H65.916A197.819,197.819,0,0,1,0,744.727Z"
      data-name="Path 285"
      id="Path_285"
    />
    <Background__Cls3
      d="M1141.83,219.528C1172.389,154.1,1167.412,71.4,1133.157,0h-89.568c55.351,72.678,71.228,171.739,36.455, 246.189C961.252,500.528,1325.837,499.587,1243.857,768h85.128C1388.7,498.252,1015.009,491.055, 1141.83,219.528Z"
      data-name="Path 286"
      id="Path_286"
    />
  </g>
</svg>
`;
