// Jest Snapshot v1, https://goo.gl/fbAQLP

exports[`Testing SelectField Component should render correctly closed 1`] = `
<Show
  enter={true}
  exit={true}
  in={false}
  timeout={500}
>
  <Transition
    appear={false}
    enter={true}
    exit={true}
    in={false}
    mountOnEnter={true}
    onEnter={[Function]}
    onEntered={[Function]}
    onEntering={[Function]}
    onExit={[Function]}
    onExited={[Function]}
    onExiting={[Function]}
    timeout={500}
    unmountOnExit={false}
  />
</Show>
`;

exports[`Testing SelectField Component should render correctly open 1`] = `
<Show
  enter={true}
  exit={true}
  in={true}
  timeout={500}
>
  <Transition
    appear={false}
    enter={true}
    exit={true}
    in={true}
    mountOnEnter={true}
    onEnter={[Function]}
    onEntered={[Function]}
    onEntering={[Function]}
    onExit={[Function]}
    onExited={[Function]}
    onExiting={[Function]}
    timeout={500}
    unmountOnExit={false}
  >
    <SimpleAnime
      duration={500}
      easing="easeOutElastic"
      opacity={
        Array [
          0,
          1,
        ]
      }
      translateX={
        Array [
          "-50px",
          "0px",
        ]
      }
    >
      <div>
        <div />
      </div>
    </SimpleAnime>
  </Transition>
</Show>
`;

exports[`Testing SelectField Component should render correctly when closed 1`] = `
<Show
  enter={true}
  exit={true}
  in={false}
  timeout={500}
>
  <Transition
    appear={false}
    enter={true}
    exit={true}
    in={false}
    mountOnEnter={true}
    onEnter={[Function]}
    onEntered={[Function]}
    onEntering={[Function]}
    onExit={[Function]}
    onExited={[Function]}
    onExiting={[Function]}
    timeout={500}
    unmountOnExit={false}
  >
    <SimpleAnime
      duration={500}
      easing="easeOutElastic"
      opacity={
        Array [
          0,
          1,
        ]
      }
      translateX={
        Array [
          "-50px",
          "0px",
        ]
      }
    >
      <div>
        <div />
      </div>
    </SimpleAnime>
  </Transition>
</Show>
`;

exports[`Testing SelectField Component should render correctly when opened 1`] = `
<Show
  enter={true}
  exit={true}
  in={true}
  timeout={500}
>
  <Transition
    appear={false}
    enter={true}
    exit={true}
    in={true}
    mountOnEnter={true}
    onEnter={[Function]}
    onEntered={[Function]}
    onEntering={[Function]}
    onExit={[Function]}
    onExited={[Function]}
    onExiting={[Function]}
    timeout={500}
    unmountOnExit={false}
  >
    <SimpleAnime
      duration={500}
      easing="easeInElastic"
      opacity={
        Array [
          1,
          0,
        ]
      }
      translateX={
        Array [
          "0px",
          "-50px",
        ]
      }
    >
      <div>
        <div />
      </div>
    </SimpleAnime>
  </Transition>
</Show>
`;
